../Core/Src/main.c:69:5:main	8	static
../Core/Src/main.c:143:6:SystemClock_Config	72	static
../Core/Src/main.c:180:13:MX_TIM2_Init	40	static
../Core/Src/main.c:226:13:MX_USART1_UART_Init	8	static
../Core/Src/main.c:259:13:MX_GPIO_Init	48	static
../Core/Src/main.c:339:6:change_leds	24	static
../Core/Src/main.c:371:6:send	24	static
../Core/Src/main.c:377:6:collect_password	16	static
../Core/Src/main.c:412:6:send_password	24	static
../Core/Src/main.c:429:6:HAL_UART_RxCpltCallback	24	static
../Core/Src/main.c:457:6:Error_Handler	4	static,ignoring_inline_asm
