../Core/Src/main.c:70:5:main	8	static
../Core/Src/main.c:148:6:SystemClock_Config	72	static
../Core/Src/main.c:185:13:MX_TIM2_Init	40	static
../Core/Src/main.c:231:13:MX_USART1_UART_Init	8	static
../Core/Src/main.c:264:13:MX_GPIO_Init	48	static
../Core/Src/main.c:344:6:change_leds	24	static
../Core/Src/main.c:355:6:on	4	static
../Core/Src/main.c:364:6:off	4	static
../Core/Src/main.c:375:6:send	24	static
../Core/Src/main.c:381:6:collect_password	16	static
../Core/Src/main.c:399:6:send_password	8	static
../Core/Src/main.c:406:6:HAL_UART_TxCpltCallback	24	static
../Core/Src/main.c:414:6:control_leds	8	static
../Core/Src/main.c:422:6:HAL_UART_RxCpltCallback	24	static
../Core/Src/main.c:446:6:Error_Handler	4	static,ignoring_inline_asm
